empty-1.test:1: [error] require RUN directive or shebang