CHECKERR on line 5,
@@ -1,3 +1,3 @@
 hello
 world
-!!!
+!!
stderr is mismatched
