CHECKERR_RE on line 7,
    Expect: ^.$
    Actual: hoge
stderr is mismatched
