CHECKERR on line 4,
1c1,2
< @@@@@
---
> 12345
> ACBD
stderr is mismatched