invalid_format1-1.test:1: [error] invalid directive format, must be start with `# RUN: '