invalid_format2-1.test:3: [error] invalid directive format, must be start with `#CHECK: '