invalid_format3-1.test:3: [error] invalid directive format, need non-emtpy string