CHECK on line 4,
@@ -1 +1 @@
-hell
+hello
stdout is mismatched