CHECK_IF on line 4,
@@ -1 +1,2 @@
 @@@@@
+AAAAA
stdout is mismatched