CHECK on line 5,
@@ -1,3 +1,3 @@
 hello
-worl
+world
 !!
stdout is mismatched
