3d2
< 0123
stdout is mismatched
2a3
> IJKL
stderr is mismatched