out_err_re_invalid-1.test:7: [error] quantifier does not follow a repeatable item
