CHECK_RE_IF on line 5,
    Expect: fkore
    Actual: 
stdout is mismatched
