CHECK_RE on line 5,
    Expect: .+ C+
    Actual: AAA ZZZ BBB
stdout is mismatched