require_invalid-1.test:6: [error] invalid REQUIRE directive: `command ()', caused by
[syntax error] expected `{'
 --> (loaded):1:11
command ()
          ^

