require_bool-1.test:3: [error] REQUIRE directive must be boolean expression: `  34 + 34'