invalid REQUIRE directive: `(34/0) == 0', caused by
zero division