CHECK on line 9,
3c3
< abde
---
> abcde
stdout is mismatched