run_defined-1.test:2: [error] RUN directive has already defined