status_defined-1.test:6: [error] STATUS directive has already defined