exit status is mismatched, expected: `120', actual: `100'